#-----------------------------------------------------------
# Vivado v2025.2 (64-bit)
# SW Build 6299465 on Fri Nov 14 19:35:11 GMT 2025
# IP Build 6300035 on Fri Nov 14 10:48:45 MST 2025
# SharedData Build 6298862 on Thu Nov 13 04:50:51 MST 2025
# Start of session at: Mon Jan 19 22:29:05 2026
# Process ID         : 10604
# Current directory  : C:/Users/thana/HW-SYS-Lab/MyFirstProject/MyFirstProject.runs/impl_1
# Command line       : vivado.exe -log blinky.vdi -applog -product Vivado -messageDb vivado.pb -mode batch -source blinky.tcl -notrace
# Log file           : C:/Users/thana/HW-SYS-Lab/MyFirstProject/MyFirstProject.runs/impl_1/blinky.vdi
# Journal file       : C:/Users/thana/HW-SYS-Lab/MyFirstProject/MyFirstProject.runs/impl_1\vivado.jou
# Running On         : Tul-NB
# Platform           : Windows Server 2016 or Windows 10
# Operating System   : 26200
# Processor Detail   : AMD Ryzen 7 5800U with Radeon Graphics         
# CPU Frequency      : 1896 MHz
# CPU Physical cores : 8
# CPU Logical cores  : 16
# Host memory        : 16480 MB
# Swap memory        : 16642 MB
# Total Virtual      : 33123 MB
# Available Virtual  : 23215 MB
#-----------------------------------------------------------
source blinky.tcl -notrace
