
*** Running vivado
    with args -log vio_data_generator_conf.vds -m64 -product Vivado -mode batch -messageDb vivado.pb -notrace -source vio_data_generator_conf.tcl



****** Vivado v2025.2 (64-bit)
  **** SW Build 6299465 on Fri Nov 14 19:35:11 GMT 2025
  **** IP Build 6300035 on Fri Nov 14 10:48:45 MST 2025
  **** SharedData Build 6298862 on Thu Nov 13 04:50:51 MST 2025
  **** Start of session at: Tue Jan 27 09:23:03 2026
    ** Copyright 1986-2022 Xilinx, Inc. All Rights Reserved.
    ** Copyright 2022-2025 Advanced Micro Devices, Inc. All Rights Reserved.

source vio_data_generator_conf.tcl -notrace
create_project: Time (s): cpu = 00:00:25 ; elapsed = 00:00:17 . Memory (MB): peak = 560.812 ; gain = 255.473
Command: synth_design -top vio_data_generator_conf -part xc7a35tcpg236-1 -incremental_mode off -mode out_of_context
Starting synth_design
Attempting to get a license for feature 'Synthesis' and/or device 'xc7a35t'
INFO: [Common 17-349] Got license for feature 'Synthesis' and/or device 'xc7a35t'
INFO: [Device 21-403] Loading part xc7a35tcpg236-1
INFO: [Synth 8-7079] Multithreading enabled for synth_design using a maximum of 2 processes.
INFO: [Synth 8-7078] Launching helper process for spawning children vivado processes
INFO: [Synth 8-7075] Helper process launched with PID 21044
---------------------------------------------------------------------------------
Starting RTL Elaboration : Time (s): cpu = 00:00:13 ; elapsed = 00:00:14 . Memory (MB): peak = 1305.926 ; gain = 540.477
---------------------------------------------------------------------------------
INFO: [Synth 8-6157] synthesizing module 'vio_data_generator_conf' [c:/Users/thana/HW-SYS-Lab/2110363-Hardware-Synthesis-Laboratory-I/03lab3/part4/part4-project/part4-project.gen/sources_1/ip/vio_data_generator_conf_1/synth/vio_data_generator_conf.v:49]
INFO: [Synth 8-6155] done synthesizing module 'vio_data_generator_conf' (0#1) [c:/Users/thana/HW-SYS-Lab/2110363-Hardware-Synthesis-Laboratory-I/03lab3/part4/part4-project/part4-project.gen/sources_1/ip/vio_data_generator_conf_1/synth/vio_data_generator_conf.v:49]
WARNING: [Synth 8-3848] Net sl_iport0 in module/entity vio_data_generator_conf does not have driver. [c:/Users/thana/HW-SYS-Lab/2110363-Hardware-Synthesis-Laboratory-I/03lab3/part4/part4-project/part4-project.gen/sources_1/ip/vio_data_generator_conf_1/synth/vio_data_generator_conf.v:75]
WARNING: [Synth 8-7129] Port Bus_rst in module vio_v3_0_27_probe_out_one__parameterized0 is either unconnected or has no load
WARNING: [Synth 8-7129] Port Read in module vio_v3_0_27_probe_out_one__parameterized0 is either unconnected or has no load
WARNING: [Synth 8-7129] Port Bus_Data_in[15] in module vio_v3_0_27_probe_out_one__parameterized0 is either unconnected or has no load
WARNING: [Synth 8-7129] Port Bus_Data_in[14] in module vio_v3_0_27_probe_out_one__parameterized0 is either unconnected or has no load
WARNING: [Synth 8-7129] Port Bus_Data_in[13] in module vio_v3_0_27_probe_out_one__parameterized0 is either unconnected or has no load
WARNING: [Synth 8-7129] Port Bus_Data_in[12] in module vio_v3_0_27_probe_out_one__parameterized0 is either unconnected or has no load
WARNING: [Synth 8-7129] Port Bus_Data_in[11] in module vio_v3_0_27_probe_out_one__parameterized0 is either unconnected or has no load
WARNING: [Synth 8-7129] Port Bus_Data_in[10] in module vio_v3_0_27_probe_out_one__parameterized0 is either unconnected or has no load
WARNING: [Synth 8-7129] Port Bus_Data_in[9] in module vio_v3_0_27_probe_out_one__parameterized0 is either unconnected or has no load
WARNING: [Synth 8-7129] Port Bus_Data_in[8] in module vio_v3_0_27_probe_out_one__parameterized0 is either unconnected or has no load
WARNING: [Synth 8-7129] Port Internal_cnt_rst in module vio_v3_0_27_probe_out_one__parameterized0 is either unconnected or has no load
WARNING: [Synth 8-7129] Port Bus_rst in module vio_v3_0_27_probe_out_one is either unconnected or has no load
WARNING: [Synth 8-7129] Port Read in module vio_v3_0_27_probe_out_one is either unconnected or has no load
WARNING: [Synth 8-7129] Port Bus_Data_in[15] in module vio_v3_0_27_probe_out_one is either unconnected or has no load
WARNING: [Synth 8-7129] Port Bus_Data_in[14] in module vio_v3_0_27_probe_out_one is either unconnected or has no load
WARNING: [Synth 8-7129] Port Bus_Data_in[13] in module vio_v3_0_27_probe_out_one is either unconnected or has no load
WARNING: [Synth 8-7129] Port Bus_Data_in[12] in module vio_v3_0_27_probe_out_one is either unconnected or has no load
WARNING: [Synth 8-7129] Port Bus_Data_in[11] in module vio_v3_0_27_probe_out_one is either unconnected or has no load
WARNING: [Synth 8-7129] Port Bus_Data_in[10] in module vio_v3_0_27_probe_out_one is either unconnected or has no load
WARNING: [Synth 8-7129] Port Bus_Data_in[9] in module vio_v3_0_27_probe_out_one is either unconnected or has no load
WARNING: [Synth 8-7129] Port Bus_Data_in[8] in module vio_v3_0_27_probe_out_one is either unconnected or has no load
WARNING: [Synth 8-7129] Port Bus_Data_in[7] in module vio_v3_0_27_probe_out_one is either unconnected or has no load
WARNING: [Synth 8-7129] Port Bus_Data_in[6] in module vio_v3_0_27_probe_out_one is either unconnected or has no load
WARNING: [Synth 8-7129] Port Bus_Data_in[5] in module vio_v3_0_27_probe_out_one is either unconnected or has no load
WARNING: [Synth 8-7129] Port Bus_Data_in[4] in module vio_v3_0_27_probe_out_one is either unconnected or has no load
WARNING: [Synth 8-7129] Port Bus_Data_in[3] in module vio_v3_0_27_probe_out_one is either unconnected or has no load
WARNING: [Synth 8-7129] Port Bus_Data_in[2] in module vio_v3_0_27_probe_out_one is either unconnected or has no load
WARNING: [Synth 8-7129] Port Bus_Data_in[1] in module vio_v3_0_27_probe_out_one is either unconnected or has no load
WARNING: [Synth 8-7129] Port Internal_cnt_rst in module vio_v3_0_27_probe_out_one is either unconnected or has no load
WARNING: [Synth 8-7129] Port probe_in0[0] in module vio_v3_0_27_vio is either unconnected or has no load
WARNING: [Synth 8-7129] Port probe_in1[0] in module vio_v3_0_27_vio is either unconnected or has no load
WARNING: [Synth 8-7129] Port probe_in2[0] in module vio_v3_0_27_vio is either unconnected or has no load
WARNING: [Synth 8-7129] Port probe_in3[0] in module vio_v3_0_27_vio is either unconnected or has no load
WARNING: [Synth 8-7129] Port probe_in4[0] in module vio_v3_0_27_vio is either unconnected or has no load
WARNING: [Synth 8-7129] Port probe_in5[0] in module vio_v3_0_27_vio is either unconnected or has no load
WARNING: [Synth 8-7129] Port probe_in6[0] in module vio_v3_0_27_vio is either unconnected or has no load
WARNING: [Synth 8-7129] Port probe_in7[0] in module vio_v3_0_27_vio is either unconnected or has no load
WARNING: [Synth 8-7129] Port probe_in8[0] in module vio_v3_0_27_vio is either unconnected or has no load
WARNING: [Synth 8-7129] Port probe_in9[0] in module vio_v3_0_27_vio is either unconnected or has no load
WARNING: [Synth 8-7129] Port probe_in10[0] in module vio_v3_0_27_vio is either unconnected or has no load
WARNING: [Synth 8-7129] Port probe_in11[0] in module vio_v3_0_27_vio is either unconnected or has no load
WARNING: [Synth 8-7129] Port probe_in12[0] in module vio_v3_0_27_vio is either unconnected or has no load
WARNING: [Synth 8-7129] Port probe_in13[0] in module vio_v3_0_27_vio is either unconnected or has no load
WARNING: [Synth 8-7129] Port probe_in14[0] in module vio_v3_0_27_vio is either unconnected or has no load
WARNING: [Synth 8-7129] Port probe_in15[0] in module vio_v3_0_27_vio is either unconnected or has no load
WARNING: [Synth 8-7129] Port probe_in16[0] in module vio_v3_0_27_vio is either unconnected or has no load
WARNING: [Synth 8-7129] Port probe_in17[0] in module vio_v3_0_27_vio is either unconnected or has no load
WARNING: [Synth 8-7129] Port probe_in18[0] in module vio_v3_0_27_vio is either unconnected or has no load
WARNING: [Synth 8-7129] Port probe_in19[0] in module vio_v3_0_27_vio is either unconnected or has no load
WARNING: [Synth 8-7129] Port probe_in20[0] in module vio_v3_0_27_vio is either unconnected or has no load
WARNING: [Synth 8-7129] Port probe_in21[0] in module vio_v3_0_27_vio is either unconnected or has no load
WARNING: [Synth 8-7129] Port probe_in22[0] in module vio_v3_0_27_vio is either unconnected or has no load
WARNING: [Synth 8-7129] Port probe_in23[0] in module vio_v3_0_27_vio is either unconnected or has no load
WARNING: [Synth 8-7129] Port probe_in24[0] in module vio_v3_0_27_vio is either unconnected or has no load
WARNING: [Synth 8-7129] Port probe_in25[0] in module vio_v3_0_27_vio is either unconnected or has no load
WARNING: [Synth 8-7129] Port probe_in26[0] in module vio_v3_0_27_vio is either unconnected or has no load
WARNING: [Synth 8-7129] Port probe_in27[0] in module vio_v3_0_27_vio is either unconnected or has no load
WARNING: [Synth 8-7129] Port probe_in28[0] in module vio_v3_0_27_vio is either unconnected or has no load
WARNING: [Synth 8-7129] Port probe_in29[0] in module vio_v3_0_27_vio is either unconnected or has no load
WARNING: [Synth 8-7129] Port probe_in30[0] in module vio_v3_0_27_vio is either unconnected or has no load
WARNING: [Synth 8-7129] Port probe_in31[0] in module vio_v3_0_27_vio is either unconnected or has no load
WARNING: [Synth 8-7129] Port probe_in32[0] in module vio_v3_0_27_vio is either unconnected or has no load
WARNING: [Synth 8-7129] Port probe_in33[0] in module vio_v3_0_27_vio is either unconnected or has no load
WARNING: [Synth 8-7129] Port probe_in34[0] in module vio_v3_0_27_vio is either unconnected or has no load
WARNING: [Synth 8-7129] Port probe_in35[0] in module vio_v3_0_27_vio is either unconnected or has no load
WARNING: [Synth 8-7129] Port probe_in36[0] in module vio_v3_0_27_vio is either unconnected or has no load
WARNING: [Synth 8-7129] Port probe_in37[0] in module vio_v3_0_27_vio is either unconnected or has no load
WARNING: [Synth 8-7129] Port probe_in38[0] in module vio_v3_0_27_vio is either unconnected or has no load
WARNING: [Synth 8-7129] Port probe_in39[0] in module vio_v3_0_27_vio is either unconnected or has no load
WARNING: [Synth 8-7129] Port probe_in40[0] in module vio_v3_0_27_vio is either unconnected or has no load
WARNING: [Synth 8-7129] Port probe_in41[0] in module vio_v3_0_27_vio is either unconnected or has no load
WARNING: [Synth 8-7129] Port probe_in42[0] in module vio_v3_0_27_vio is either unconnected or has no load
WARNING: [Synth 8-7129] Port probe_in43[0] in module vio_v3_0_27_vio is either unconnected or has no load
WARNING: [Synth 8-7129] Port probe_in44[0] in module vio_v3_0_27_vio is either unconnected or has no load
WARNING: [Synth 8-7129] Port probe_in45[0] in module vio_v3_0_27_vio is either unconnected or has no load
WARNING: [Synth 8-7129] Port probe_in46[0] in module vio_v3_0_27_vio is either unconnected or has no load
WARNING: [Synth 8-7129] Port probe_in47[0] in module vio_v3_0_27_vio is either unconnected or has no load
WARNING: [Synth 8-7129] Port probe_in48[0] in module vio_v3_0_27_vio is either unconnected or has no load
WARNING: [Synth 8-7129] Port probe_in49[0] in module vio_v3_0_27_vio is either unconnected or has no load
WARNING: [Synth 8-7129] Port probe_in50[0] in module vio_v3_0_27_vio is either unconnected or has no load
WARNING: [Synth 8-7129] Port probe_in51[0] in module vio_v3_0_27_vio is either unconnected or has no load
WARNING: [Synth 8-7129] Port probe_in52[0] in module vio_v3_0_27_vio is either unconnected or has no load
WARNING: [Synth 8-7129] Port probe_in53[0] in module vio_v3_0_27_vio is either unconnected or has no load
WARNING: [Synth 8-7129] Port probe_in54[0] in module vio_v3_0_27_vio is either unconnected or has no load
WARNING: [Synth 8-7129] Port probe_in55[0] in module vio_v3_0_27_vio is either unconnected or has no load
WARNING: [Synth 8-7129] Port probe_in56[0] in module vio_v3_0_27_vio is either unconnected or has no load
WARNING: [Synth 8-7129] Port probe_in57[0] in module vio_v3_0_27_vio is either unconnected or has no load
WARNING: [Synth 8-7129] Port probe_in58[0] in module vio_v3_0_27_vio is either unconnected or has no load
WARNING: [Synth 8-7129] Port probe_in59[0] in module vio_v3_0_27_vio is either unconnected or has no load
WARNING: [Synth 8-7129] Port probe_in60[0] in module vio_v3_0_27_vio is either unconnected or has no load
WARNING: [Synth 8-7129] Port probe_in61[0] in module vio_v3_0_27_vio is either unconnected or has no load
WARNING: [Synth 8-7129] Port probe_in62[0] in module vio_v3_0_27_vio is either unconnected or has no load
WARNING: [Synth 8-7129] Port probe_in63[0] in module vio_v3_0_27_vio is either unconnected or has no load
WARNING: [Synth 8-7129] Port probe_in64[0] in module vio_v3_0_27_vio is either unconnected or has no load
WARNING: [Synth 8-7129] Port probe_in65[0] in module vio_v3_0_27_vio is either unconnected or has no load
WARNING: [Synth 8-7129] Port probe_in66[0] in module vio_v3_0_27_vio is either unconnected or has no load
WARNING: [Synth 8-7129] Port probe_in67[0] in module vio_v3_0_27_vio is either unconnected or has no load
WARNING: [Synth 8-7129] Port probe_in68[0] in module vio_v3_0_27_vio is either unconnected or has no load
WARNING: [Synth 8-7129] Port probe_in69[0] in module vio_v3_0_27_vio is either unconnected or has no load
WARNING: [Synth 8-7129] Port probe_in70[0] in module vio_v3_0_27_vio is either unconnected or has no load
INFO: [Common 17-14] Message 'Synth 8-7129' appears 100 times and further instances of the messages will be disabled. Use the Tcl command set_msg_config to change the current settings.
---------------------------------------------------------------------------------
Finished RTL Elaboration : Time (s): cpu = 00:00:18 ; elapsed = 00:00:19 . Memory (MB): peak = 1433.184 ; gain = 667.734
---------------------------------------------------------------------------------
---------------------------------------------------------------------------------
Start Handling Custom Attributes
---------------------------------------------------------------------------------
---------------------------------------------------------------------------------
Finished Handling Custom Attributes : Time (s): cpu = 00:00:19 ; elapsed = 00:00:19 . Memory (MB): peak = 1433.184 ; gain = 667.734
---------------------------------------------------------------------------------
---------------------------------------------------------------------------------
Finished RTL Optimization Phase 1 : Time (s): cpu = 00:00:19 ; elapsed = 00:00:19 . Memory (MB): peak = 1433.184 ; gain = 667.734
---------------------------------------------------------------------------------
Netlist sorting complete. Time (s): cpu = 00:00:00 ; elapsed = 00:00:00.027 . Memory (MB): peak = 1433.184 ; gain = 0.000
INFO: [Project 1-570] Preparing netlist for logic optimization

Processing XDC Constraints
Initializing timing engine
Parsing XDC File [c:/Users/thana/HW-SYS-Lab/2110363-Hardware-Synthesis-Laboratory-I/03lab3/part4/part4-project/part4-project.gen/sources_1/ip/vio_data_generator_conf_1/vio_data_generator_conf_ooc.xdc]
Finished Parsing XDC File [c:/Users/thana/HW-SYS-Lab/2110363-Hardware-Synthesis-Laboratory-I/03lab3/part4/part4-project/part4-project.gen/sources_1/ip/vio_data_generator_conf_1/vio_data_generator_conf_ooc.xdc]
Parsing XDC File [c:/Users/thana/HW-SYS-Lab/2110363-Hardware-Synthesis-Laboratory-I/03lab3/part4/part4-project/part4-project.gen/sources_1/ip/vio_data_generator_conf_1/vio_data_generator_conf.xdc]
Finished Parsing XDC File [c:/Users/thana/HW-SYS-Lab/2110363-Hardware-Synthesis-Laboratory-I/03lab3/part4/part4-project/part4-project.gen/sources_1/ip/vio_data_generator_conf_1/vio_data_generator_conf.xdc]
Completed Processing XDC Constraints

Netlist sorting complete. Time (s): cpu = 00:00:00 ; elapsed = 00:00:00 . Memory (MB): peak = 1491.195 ; gain = 0.000
INFO: [Project 1-111] Unisim Transformation Summary:
No Unisim elements were transformed.

Constraint Validation Runtime : Time (s): cpu = 00:00:00 ; elapsed = 00:00:00.072 . Memory (MB): peak = 1491.195 ; gain = 0.000
INFO: [Designutils 20-5008] Incremental synthesis strategy off
---------------------------------------------------------------------------------
Finished Constraint Validation : Time (s): cpu = 00:00:35 ; elapsed = 00:00:36 . Memory (MB): peak = 1491.195 ; gain = 725.746
---------------------------------------------------------------------------------
---------------------------------------------------------------------------------
Start Loading Part and Timing Information
---------------------------------------------------------------------------------
Loading part: xc7a35tcpg236-1
---------------------------------------------------------------------------------
Finished Loading Part and Timing Information : Time (s): cpu = 00:00:35 ; elapsed = 00:00:36 . Memory (MB): peak = 1491.195 ; gain = 725.746
---------------------------------------------------------------------------------
---------------------------------------------------------------------------------
Start Applying 'set_property' XDC Constraints
---------------------------------------------------------------------------------
---------------------------------------------------------------------------------
Finished applying 'set_property' XDC Constraints : Time (s): cpu = 00:00:35 ; elapsed = 00:00:36 . Memory (MB): peak = 1491.195 ; gain = 725.746
---------------------------------------------------------------------------------
---------------------------------------------------------------------------------
Finished RTL Optimization Phase 2 : Time (s): cpu = 00:00:36 ; elapsed = 00:00:37 . Memory (MB): peak = 1491.195 ; gain = 725.746
---------------------------------------------------------------------------------
---------------------------------------------------------------------------------
Start RTL Component Statistics 
---------------------------------------------------------------------------------
Detailed RTL Component Info : 
+---Adders : 
	   2 Input    1 Bit       Adders := 1     
+---Registers : 
	              128 Bit    Registers := 1     
	               16 Bit    Registers := 9     
	                8 Bit    Registers := 1     
	                7 Bit    Registers := 1     
	                5 Bit    Registers := 1     
	                3 Bit    Registers := 2     
	                2 Bit    Registers := 1     
	                1 Bit    Registers := 19    
+---Muxes : 
	   3 Input   16 Bit        Muxes := 1     
	   2 Input   16 Bit        Muxes := 2     
	   2 Input    1 Bit        Muxes := 4     
---------------------------------------------------------------------------------
Finished RTL Component Statistics 
---------------------------------------------------------------------------------
---------------------------------------------------------------------------------
Start Part Resource Summary
---------------------------------------------------------------------------------
Part Resources:
DSPs: 90 (col length:60)
BRAMs: 100 (col length: RAMB18 60 RAMB36 30)
---------------------------------------------------------------------------------
Finished Part Resource Summary
---------------------------------------------------------------------------------
---------------------------------------------------------------------------------
Start Cross Boundary and Area Optimization
---------------------------------------------------------------------------------
---------------------------------------------------------------------------------
Finished Cross Boundary and Area Optimization : Time (s): cpu = 00:00:41 ; elapsed = 00:00:43 . Memory (MB): peak = 1491.195 ; gain = 725.746
---------------------------------------------------------------------------------
---------------------------------------------------------------------------------
Start Applying XDC Timing Constraints
---------------------------------------------------------------------------------
---------------------------------------------------------------------------------
Finished Applying XDC Timing Constraints : Time (s): cpu = 00:00:53 ; elapsed = 00:00:56 . Memory (MB): peak = 1629.848 ; gain = 864.398
---------------------------------------------------------------------------------
---------------------------------------------------------------------------------
Start Timing Optimization
---------------------------------------------------------------------------------
---------------------------------------------------------------------------------
Finished Timing Optimization : Time (s): cpu = 00:00:53 ; elapsed = 00:00:56 . Memory (MB): peak = 1630.070 ; gain = 864.621
---------------------------------------------------------------------------------
---------------------------------------------------------------------------------
Start Technology Mapping
---------------------------------------------------------------------------------
---------------------------------------------------------------------------------
Finished Technology Mapping : Time (s): cpu = 00:00:53 ; elapsed = 00:00:56 . Memory (MB): peak = 1659.172 ; gain = 893.723
---------------------------------------------------------------------------------
---------------------------------------------------------------------------------
Start IO Insertion
---------------------------------------------------------------------------------
---------------------------------------------------------------------------------
Start Flattening Before IO Insertion
---------------------------------------------------------------------------------
---------------------------------------------------------------------------------
Finished Flattening Before IO Insertion
---------------------------------------------------------------------------------
---------------------------------------------------------------------------------
Start Final Netlist Cleanup
---------------------------------------------------------------------------------
---------------------------------------------------------------------------------
Finished Final Netlist Cleanup
---------------------------------------------------------------------------------
---------------------------------------------------------------------------------
Finished IO Insertion : Time (s): cpu = 00:01:04 ; elapsed = 00:01:07 . Memory (MB): peak = 1889.250 ; gain = 1123.801
---------------------------------------------------------------------------------
---------------------------------------------------------------------------------
Start Renaming Generated Instances
---------------------------------------------------------------------------------
---------------------------------------------------------------------------------
Finished Renaming Generated Instances : Time (s): cpu = 00:01:04 ; elapsed = 00:01:07 . Memory (MB): peak = 1889.250 ; gain = 1123.801
---------------------------------------------------------------------------------
---------------------------------------------------------------------------------
Start Rebuilding User Hierarchy
---------------------------------------------------------------------------------
---------------------------------------------------------------------------------
Finished Rebuilding User Hierarchy : Time (s): cpu = 00:01:04 ; elapsed = 00:01:07 . Memory (MB): peak = 1889.250 ; gain = 1123.801
---------------------------------------------------------------------------------
---------------------------------------------------------------------------------
Start Renaming Generated Ports
---------------------------------------------------------------------------------
---------------------------------------------------------------------------------
Finished Renaming Generated Ports : Time (s): cpu = 00:01:04 ; elapsed = 00:01:07 . Memory (MB): peak = 1889.250 ; gain = 1123.801
---------------------------------------------------------------------------------
---------------------------------------------------------------------------------
Start Handling Custom Attributes
---------------------------------------------------------------------------------
---------------------------------------------------------------------------------
Finished Handling Custom Attributes : Time (s): cpu = 00:01:04 ; elapsed = 00:01:07 . Memory (MB): peak = 1889.250 ; gain = 1123.801
---------------------------------------------------------------------------------
---------------------------------------------------------------------------------
Start Renaming Generated Nets
---------------------------------------------------------------------------------
---------------------------------------------------------------------------------
Finished Renaming Generated Nets : Time (s): cpu = 00:01:04 ; elapsed = 00:01:07 . Memory (MB): peak = 1889.250 ; gain = 1123.801
---------------------------------------------------------------------------------
---------------------------------------------------------------------------------
Start Writing Synthesis Report
---------------------------------------------------------------------------------

Report BlackBoxes: 
+-+--------------+----------+
| |BlackBox name |Instances |
+-+--------------+----------+
+-+--------------+----------+

Report Cell Usage: 
+------+-----+------+
|      |Cell |Count |
+------+-----+------+
|1     |LUT2 |     5|
|2     |LUT3 |    27|
|3     |LUT4 |    18|
|4     |LUT5 |    11|
|5     |LUT6 |    67|
|6     |FDRE |   261|
+------+-----+------+
---------------------------------------------------------------------------------
Finished Writing Synthesis Report : Time (s): cpu = 00:01:04 ; elapsed = 00:01:07 . Memory (MB): peak = 1889.250 ; gain = 1123.801
---------------------------------------------------------------------------------
Synthesis finished with 0 errors, 0 critical warnings and 256 warnings.
Synthesis Optimization Runtime : Time (s): cpu = 00:00:41 ; elapsed = 00:01:03 . Memory (MB): peak = 1889.250 ; gain = 1065.789
Synthesis Optimization Complete : Time (s): cpu = 00:01:04 ; elapsed = 00:01:08 . Memory (MB): peak = 1889.250 ; gain = 1123.801
INFO: [Project 1-571] Translating synthesized netlist
Netlist sorting complete. Time (s): cpu = 00:00:00 ; elapsed = 00:00:00.019 . Memory (MB): peak = 1898.441 ; gain = 0.000
INFO: [Project 1-570] Preparing netlist for logic optimization
INFO: [Opt 31-138] Pushed 0 inverter(s) to 0 load pin(s).
Netlist sorting complete. Time (s): cpu = 00:00:00 ; elapsed = 00:00:00 . Memory (MB): peak = 1902.078 ; gain = 0.000
INFO: [Project 1-111] Unisim Transformation Summary:
No Unisim elements were transformed.

Synth Design complete | Checksum: 16dbb6db
INFO: [Common 17-83] Releasing license: Synthesis
16 Infos, 101 Warnings, 0 Critical Warnings and 0 Errors encountered.
synth_design completed successfully
synth_design: Time (s): cpu = 00:01:13 ; elapsed = 00:01:19 . Memory (MB): peak = 1902.078 ; gain = 1324.574
Write ShapeDB Complete: Time (s): cpu = 00:00:00 ; elapsed = 00:00:00.003 . Memory (MB): peak = 1902.078 ; gain = 0.000
INFO: [Common 17-1381] The checkpoint 'C:/Users/thana/HW-SYS-Lab/2110363-Hardware-Synthesis-Laboratory-I/03lab3/part4/part4-project/part4-project.runs/vio_data_generator_conf_synth_1/vio_data_generator_conf.dcp' has been generated.
INFO: [Coretcl 2-1648] Added synthesis output to IP cache for IP vio_data_generator_conf, cache-ID = 06e3da5fc70fdf00
INFO: [Coretcl 2-1174] Renamed 8 cell refs.
Write ShapeDB Complete: Time (s): cpu = 00:00:00 ; elapsed = 00:00:00.002 . Memory (MB): peak = 1902.078 ; gain = 0.000
INFO: [Common 17-1381] The checkpoint 'C:/Users/thana/HW-SYS-Lab/2110363-Hardware-Synthesis-Laboratory-I/03lab3/part4/part4-project/part4-project.runs/vio_data_generator_conf_synth_1/vio_data_generator_conf.dcp' has been generated.
INFO: [Vivado 12-24828] Executing command : report_utilization -file vio_data_generator_conf_utilization_synth.rpt -pb vio_data_generator_conf_utilization_synth.pb
INFO: [Common 17-206] Exiting Vivado at Tue Jan 27 09:24:53 2026...
