#-----------------------------------------------------------
# Vivado v2025.2 (64-bit)
# SW Build 6299465 on Fri Nov 14 19:35:11 GMT 2025
# IP Build 6300035 on Fri Nov 14 10:48:45 MST 2025
# SharedData Build 6298862 on Thu Nov 13 04:50:51 MST 2025
# Start of session at: Tue Jan 27 09:23:03 2026
# Process ID         : 11248
# Current directory  : C:/Users/thana/HW-SYS-Lab/2110363-Hardware-Synthesis-Laboratory-I/03lab3/part4/part4-project/part4-project.runs/vio_data_generator_conf_synth_1
# Command line       : vivado.exe -log vio_data_generator_conf.vds -product Vivado -mode batch -messageDb vivado.pb -notrace -source vio_data_generator_conf.tcl
# Log file           : C:/Users/thana/HW-SYS-Lab/2110363-Hardware-Synthesis-Laboratory-I/03lab3/part4/part4-project/part4-project.runs/vio_data_generator_conf_synth_1/vio_data_generator_conf.vds
# Journal file       : C:/Users/thana/HW-SYS-Lab/2110363-Hardware-Synthesis-Laboratory-I/03lab3/part4/part4-project/part4-project.runs/vio_data_generator_conf_synth_1\vivado.jou
# Running On         : Tul-NB
# Platform           : Windows Server 2016 or Windows 10
# Operating System   : 26200
# Processor Detail   : AMD Ryzen 7 5800U with Radeon Graphics         
# CPU Frequency      : 1896 MHz
# CPU Physical cores : 8
# CPU Logical cores  : 16
# Host memory        : 16480 MB
# Swap memory        : 16642 MB
# Total Virtual      : 33123 MB
# Available Virtual  : 21674 MB
#-----------------------------------------------------------
source vio_data_generator_conf.tcl -notrace
