Copyright 1986-2022 Xilinx, Inc. All Rights Reserved. Copyright 2022-2025 Advanced Micro Devices, Inc. All Rights Reserved.
-----------------------------------------------------------------------------------------------------------------------------------------------------------------------------------------------
| Tool Version : Vivado v.2025.2 (win64) Build 6299465 Fri Nov 14 19:35:11 GMT 2025
| Date         : Tue Mar 17 15:51:40 2026
| Host         : Tul-NB running 64-bit major release  (build 9200)
| Command      : report_methodology -file cpu_wrapper_wrapper_methodology_drc_routed.rpt -pb cpu_wrapper_wrapper_methodology_drc_routed.pb -rpx cpu_wrapper_wrapper_methodology_drc_routed.rpx
| Design       : cpu_wrapper_wrapper
| Device       : xc7a35tcpg236-1
| Speed File   : -1
| Design State : Fully Routed
-----------------------------------------------------------------------------------------------------------------------------------------------------------------------------------------------

Report Methodology

Table of Contents
-----------------
1. REPORT SUMMARY
2. REPORT DETAILS

1. REPORT SUMMARY
-----------------
            Netlist: netlist
          Floorplan: design_1
      Design limits: <entire design considered>
             Max checks: <unlimited>
             Checks found: 5
+-----------+------------------+------------------------------------------------------------------+--------+
| Rule      | Severity         | Description                                                      | Checks |
+-----------+------------------+------------------------------------------------------------------+--------+
| TIMING-6  | Critical Warning | No common primary clock between related clocks                   | 2      |
| LUTAR-1   | Warning          | LUT drives async reset alert                                     | 1      |
| TIMING-56 | Warning          | Missing logically or physically excluded clock groups constraint | 2      |
+-----------+------------------+------------------------------------------------------------------+--------+

2. REPORT DETAILS
-----------------
TIMING-6#1 Critical Warning
No common primary clock between related clocks  
The clocks clk_out1_cpu_wrapper_clk_wiz_0_0 and clk_out1_cpu_wrapper_clk_wiz_0_0_1 are related (timed together) but they have no common primary clock. The design could fail in hardware. To find a timing path between these clocks, run the following command: report_timing -from [get_clocks clk_out1_cpu_wrapper_clk_wiz_0_0] -to [get_clocks clk_out1_cpu_wrapper_clk_wiz_0_0_1]
Related violations: <none>

TIMING-6#2 Critical Warning
No common primary clock between related clocks  
The clocks clk_out1_cpu_wrapper_clk_wiz_0_0_1 and clk_out1_cpu_wrapper_clk_wiz_0_0 are related (timed together) but they have no common primary clock. The design could fail in hardware. To find a timing path between these clocks, run the following command: report_timing -from [get_clocks clk_out1_cpu_wrapper_clk_wiz_0_0_1] -to [get_clocks clk_out1_cpu_wrapper_clk_wiz_0_0]
Related violations: <none>

LUTAR-1#1 Warning
LUT drives async reset alert  
LUT cell cpu_wrapper_i/single_cycle_cpu_lab7_0/inst/imem_inst/memory[84][7]_i_1, with 2 or more inputs, drives asynchronous preset/clear pin(s) cpu_wrapper_i/single_cycle_cpu_lab7_0/inst/registers_inst/regs_reg[9][25]/CLR,
cpu_wrapper_i/single_cycle_cpu_lab7_0/inst/registers_inst/regs_reg[9][26]/CLR,
cpu_wrapper_i/single_cycle_cpu_lab7_0/inst/registers_inst/regs_reg[9][27]/CLR,
cpu_wrapper_i/single_cycle_cpu_lab7_0/inst/registers_inst/regs_reg[9][28]/CLR,
cpu_wrapper_i/single_cycle_cpu_lab7_0/inst/registers_inst/regs_reg[9][29]/CLR,
cpu_wrapper_i/single_cycle_cpu_lab7_0/inst/registers_inst/regs_reg[9][2]/CLR,
cpu_wrapper_i/single_cycle_cpu_lab7_0/inst/registers_inst/regs_reg[9][30]/CLR,
cpu_wrapper_i/single_cycle_cpu_lab7_0/inst/registers_inst/regs_reg[9][31]/CLR,
cpu_wrapper_i/single_cycle_cpu_lab7_0/inst/registers_inst/regs_reg[9][3]/CLR,
cpu_wrapper_i/single_cycle_cpu_lab7_0/inst/registers_inst/regs_reg[9][4]/CLR,
cpu_wrapper_i/single_cycle_cpu_lab7_0/inst/registers_inst/regs_reg[9][5]/CLR,
cpu_wrapper_i/single_cycle_cpu_lab7_0/inst/registers_inst/regs_reg[9][6]/CLR,
cpu_wrapper_i/single_cycle_cpu_lab7_0/inst/registers_inst/regs_reg[9][7]/CLR,
cpu_wrapper_i/single_cycle_cpu_lab7_0/inst/registers_inst/regs_reg[9][8]/CLR,
cpu_wrapper_i/single_cycle_cpu_lab7_0/inst/registers_inst/regs_reg[9][9]/CLR
 (the first 15 of 1024 listed). The LUT may glitch and trigger an unexpected reset, even if it is a properly timed path.
Related violations: <none>

TIMING-56#1 Warning
Missing logically or physically excluded clock groups constraint  
Multiple clocks are user generated or auto-derived on the source pin cpu_wrapper_i/clk_wiz_0/inst/mmcm_adv_inst/CLKFBOUT but are not logically or physically exclusive with respect to one another. To have the static timing analysis match the behavior in hardware, there cannot be multiple clocks generated on the same pin and when such situation occurs, the clocks should be defined as physically or logically exclusive. The list of clocks generated on the source pin is: clkfbout_cpu_wrapper_clk_wiz_0_0, clkfbout_cpu_wrapper_clk_wiz_0_0_1
Related violations: <none>

TIMING-56#2 Warning
Missing logically or physically excluded clock groups constraint  
Multiple clocks are user generated or auto-derived on the source pin cpu_wrapper_i/clk_wiz_0/inst/mmcm_adv_inst/CLKOUT0 but are not logically or physically exclusive with respect to one another. To have the static timing analysis match the behavior in hardware, there cannot be multiple clocks generated on the same pin and when such situation occurs, the clocks should be defined as physically or logically exclusive. The list of clocks generated on the source pin is: clk_out1_cpu_wrapper_clk_wiz_0_0, clk_out1_cpu_wrapper_clk_wiz_0_0_1
Related violations: <none>


