Copyright 1986-2022 Xilinx, Inc. All Rights Reserved. Copyright 2022-2025 Advanced Micro Devices, Inc. All Rights Reserved.
--------------------------------------------------------------------------------------------------------------------------------------------------------------------
| Tool Version : Vivado v.2025.2 (win64) Build 6299465 Fri Nov 14 19:35:11 GMT 2025
| Date         : Tue Jan 20 23:45:21 2026
| Host         : Tul-NB running 64-bit major release  (build 9200)
| Command      : report_methodology -file top_module_methodology_drc_routed.rpt -pb top_module_methodology_drc_routed.pb -rpx top_module_methodology_drc_routed.rpx
| Design       : top_module
| Device       : xc7a35tcpg236-1
| Speed File   : -1
| Design State : Fully Routed
--------------------------------------------------------------------------------------------------------------------------------------------------------------------

Report Methodology

Table of Contents
-----------------
1. REPORT SUMMARY
2. REPORT DETAILS

1. REPORT SUMMARY
-----------------
            Netlist: netlist
          Floorplan: design_1
      Design limits: <entire design considered>
             Max checks: <unlimited>
             Checks found: 12
+-----------+----------+-------------------------------+--------+
| Rule      | Severity | Description                   | Checks |
+-----------+----------+-------------------------------+--------+
| TIMING-18 | Warning  | Missing input or output delay | 12     |
+-----------+----------+-------------------------------+--------+

2. REPORT DETAILS
-----------------
TIMING-18#1 Warning
Missing input or output delay  
An input delay is missing on Reset relative to the rising and/or falling clock edge(s) of Clk.
Related violations: <none>

TIMING-18#2 Warning
Missing input or output delay  
An output delay is missing on AN[0] relative to the rising and/or falling clock edge(s) of Clk.
Related violations: <none>

TIMING-18#3 Warning
Missing input or output delay  
An output delay is missing on AN[1] relative to the rising and/or falling clock edge(s) of Clk.
Related violations: <none>

TIMING-18#4 Warning
Missing input or output delay  
An output delay is missing on AN[2] relative to the rising and/or falling clock edge(s) of Clk.
Related violations: <none>

TIMING-18#5 Warning
Missing input or output delay  
An output delay is missing on AN[3] relative to the rising and/or falling clock edge(s) of Clk.
Related violations: <none>

TIMING-18#6 Warning
Missing input or output delay  
An output delay is missing on Display[0] relative to the rising and/or falling clock edge(s) of Clk.
Related violations: <none>

TIMING-18#7 Warning
Missing input or output delay  
An output delay is missing on Display[1] relative to the rising and/or falling clock edge(s) of Clk.
Related violations: <none>

TIMING-18#8 Warning
Missing input or output delay  
An output delay is missing on Display[2] relative to the rising and/or falling clock edge(s) of Clk.
Related violations: <none>

TIMING-18#9 Warning
Missing input or output delay  
An output delay is missing on Display[3] relative to the rising and/or falling clock edge(s) of Clk.
Related violations: <none>

TIMING-18#10 Warning
Missing input or output delay  
An output delay is missing on Display[4] relative to the rising and/or falling clock edge(s) of Clk.
Related violations: <none>

TIMING-18#11 Warning
Missing input or output delay  
An output delay is missing on Display[5] relative to the rising and/or falling clock edge(s) of Clk.
Related violations: <none>

TIMING-18#12 Warning
Missing input or output delay  
An output delay is missing on Display[6] relative to the rising and/or falling clock edge(s) of Clk.
Related violations: <none>


